{
  "routeName": "route-name",
  "date": "2023-02-03",
  "passengers": [
    {
      "number": 1,
      "name": "Luke",
      "surname": "Skywalker",
      "ageGroup": "ADULT",
      "luggageItems": 2
    }
  ]
}